// Jest Snapshot v1, https://goo.gl/fbAQLP

exports[`VideoPlayer Render VideoPlayer 1`] = `
<video
  height="175"
  width="280"
>
  <source
    type="video/webm; codecs=\\"vp8, vorbis\\""
  />
  <source
    type="video/ogg; codecs=\\"theora, vorbis\\""
  />
  <source
    type="video/mp4; codecs=\\"avc1.42E01E, mp4a.40.2\\""
  />
</video>
`;
